◇ injected env (6) from .env.local // tip: ⌘ multiple files { path: ['.env.local', '.env'] }
◇ injected env (0) from .env // tip: ⌘ suppress logs { quiet: true }
zongshu posts: 1388 · cross-filed (letters/fahui/wenda precedence) skipped: 442 · to classify: 946
# 玄艺综述 解析报告（2026-09-11）

快照 `zongshu-20260815.json`：1388 篇；letters/fahui/wenda 已收录的交叉发布 442 篇跳过；分类 946 篇。Pinecone 中已有 `zongshu_` id 3259 条（516 篇），本次**不动**；新 id 238 条。

| 家族 | 篇数 | 解析出对/块数 | 图腾类 | 零对篇数 | 已在库块（不动） | 新增块 |
|---|---|---|---|---|---|---|
| A 听众：/台长： | 14 | 39 | 1 | 0 | 39 | 0 |
| B 问：…答： | 24 | 229 | 39 | 0 | 229 | 0 |
| C 卢台长：/听 众： | 70 | 317 | 22 | 0 | 317 | 0 |
| D 《图腾世界》 | 34 | 235 | 63 | 7 | 235 | 0 |
| E 同修分享／反馈（不上传） | 79 | — | — | — | — | — |
| F 开示／解答会记录（teaching） | 411 | 2225 | 0 | 0 | 1987 | 238 |
| G 待批（未解析） | 314 | — | — | — | — | — |


report → docs/reviews/batch2-2026-09-11/zongshu-parse-report.md
  ✓ upserted 90/238
  ✓ upserted 180/238
  ✓ upserted 238/238

✓ Upserted 238 new 玄艺综述 records (case_qa/teaching, no ranking boost)
EXIT=0
